// Jest Snapshot v1, https://goo.gl/fbAQLP

exports[`NewItemForm Take a snapshot if do not added 1`] = `
<Connect(DataContainer)
  child={
    <div
      className="formContainer"
    >
      <div
        className="innerFormContainer"
      >
         
        <div>
          <h3
            className="backButton"
          >
            <Link
              className="Link"
              to={-1}
            >
              <i
                className="fa-solid fa-arrow-left"
              />
            </Link>
          </h3>
          <h1>
            Add New Item
          </h1>
        </div>
        <form
          id="form"
          method="post"
          onSubmit={[Function]}
        >
          <ForwardRef(TextField)
            InputProps={
              Object {
                "style": Object {
                  "height": "50px",
                },
              }
            }
            id="filled-basic"
            label="Item Name"
            name="itemName"
            onChange={[Function]}
            required={true}
            style={
              Object {
                "width": "100%",
              }
            }
            type="text"
            value=""
            variant="filled"
          />
          <div
            className="errorMessage"
          >
            * Name of the item should contain atleast 3 character and atmost 100 character
          </div>
          <div
            className="flexInputBoxForm"
          >
            <div>
              <ForwardRef(TextField)
                InputProps={
                  Object {
                    "inputProps": Object {
                      "min": 0,
                    },
                    "style": Object {
                      "height": "50px",
                    },
                  }
                }
                id="filled-basic"
                label="Quantity"
                min="1"
                name="quantity"
                onInput={[Function]}
                required={true}
                style={
                  Object {
                    "width": "100%",
                  }
                }
                type="number"
                value=""
                variant="filled"
              />
              <div
                className="flexFormErrorMessage"
              >
                * Quantity should be greater than 1.
              </div>
            </div>
            <div>
              <ForwardRef(TextField)
                InputProps={
                  Object {
                    "inputProps": Object {
                      "min": 1,
                    },
                    "style": Object {
                      "height": "50px",
                    },
                  }
                }
                id="filled-basic"
                label="Price"
                name="price"
                onChange={[Function]}
                required={true}
                style={
                  Object {
                    "width": "100%",
                  }
                }
                type="number"
                value=""
                variant="filled"
              />
              <div
                className="flexFormErrorMessage"
              >
                * Price should be greater than 1.
              </div>
            </div>
          </div>
          <ForwardRef(TextField)
            InputProps={
              Object {
                "style": Object {
                  "height": "50px",
                },
              }
            }
            id="filled-basic"
            label="Manufacturing company"
            name="manufacturingCompany"
            onChange={[Function]}
            required={true}
            style={
              Object {
                "width": "100%",
              }
            }
            type="text"
            value=""
            variant="filled"
          />
          <div
            className="errorMessage"
          >
            * this field is required.
          </div>
          <ForwardRef(TextField)
            label="Description"
            multiline={true}
            name="description"
            onChange={[Function]}
            required={true}
            rows={2}
            value=""
            variant="filled"
          />
          <div
            className="errorMessage"
          >
            * this field is required.
          </div>
          <ForwardRef(TextField)
            InputLabelProps={
              Object {
                "shrink": true,
              }
            }
            InputProps={
              Object {
                "style": Object {
                  "height": "50px",
                },
              }
            }
            id="datetime-local"
            label="Date Added On"
            name="date"
            onChange={[Function]}
            type="date"
            value=""
            variant="filled"
          />
          <div
            className="errorMessage"
          >
            * date should not be greater than than today
          </div>
          <div
            className="submitButtonContainer"
          >
            <ForwardRef(Button)
              disabled={true}
              fullWidth={true}
              onChange={[Function]}
              sx={
                Object {
                  "mb": 2,
                  "mt": 3,
                  "width": "50%",
                }
              }
              type="submit"
              variant="contained"
            >
              Submit
            </ForwardRef(Button)>
          </div>
        </form>
      </div>
    </div>
  }
/>
`;
