// Jest Snapshot v1, https://goo.gl/fbAQLP

exports[`NavBar Take a snapshot if do not added 1`] = `
<Fragment>
  <div
    className="headNavBar"
  >
    <nav
      className="nav"
    >
      <ul
        className="leftSideList"
      >
        <li
          className="barIcon"
          id="hamburger"
          onClick={[Function]}
        >
          <i
            className="fa-solid fa-bars"
          />
        </li>
        <li>
          <div
            className="navHeading"
          >
            Stock management app
          </div>
        </li>
      </ul>
      <ul
        className="profileIcon"
      >
        <li
          className="barIcon"
        >
          <i
            className="fa-solid fa-user"
          />
        </li>
      </ul>
    </nav>
  </div>
  <SideNavBar />
   
  <Outlet />
</Fragment>
`;
